<html>
<body>
<pre>
<h1>µVision Build Log</h1>
<h2>Tool Versions:</h2>
IDE-Version: ¦ÌVision V5.36.0.0
Copyright (C) 2021 ARM Ltd and ARM Germany GmbH. All rights reserved.
License Information: 1 1, 1, LIC=TIVNB-2CW2P-WF6I7-ETH1M-X2RW0-WKLNT
 
Tool Versions:
Toolchain:       MDK-ARM Plus  Version: 5.36.0.0
Toolchain Path:  C:\Keil_v5\ARM\ARMCLANG\Bin
C Compiler:      ArmClang.exe V6.16
Assembler:       Armasm.exe V6.16
Linker/Locator:  ArmLink.exe V6.16
Library Manager: ArmAr.exe V6.16
Hex Converter:   FromElf.exe V6.16
CPU DLL:         SARMCM3.DLL V5.36.0.0
Dialog DLL:      DCM.DLL V1.17.3.0
Target DLL:      STLink\ST-LINKIII-KEIL_SWO.dll V3.0.9.0
Dialog DLL:      TCM.DLL V1.53.0.0
 
<h2>Project:</h2>
\\Mac\Home\Desktop\stm32f103c8t6_saber_ball\Mac\Home\Desktop\stm32f103c8t6_saber_ball\MDK-ARM\stm32f103c8t6_saber_ball.uvprojx
Project File Date:  05/19/2024

<h2>Output:</h2>
*** Using Compiler 'V6.16', folder: 'C:\Keil_v5\ARM\ARMCLANG\Bin'
Build target 'stm32f103c8t6_saber_ball'
compiling key.c...
../../../../../Core/Src/main.c(121): warning: passing 'char [5]' to parameter of type 'uint8_t *' (aka 'unsigned char *') converts between pointers to integer types where one is of the unique plain 'char' type and the other is not [-Wpointer-sign]
  OLED_ShowString(0, 0, "T_U:", 8);
                        ^~~~~~
../../../../../Core/Src/../../User/Inc/oled.h(31): note: passing argument to parameter 'chr' here
void OLED_ShowString(uint8_t x, uint8_t y, uint8_t *chr, uint8_t Char_Size);
                                                    ^
../../../../../Core/Src/main.c(122): warning: passing 'char [5]' to parameter of type 'uint8_t *' (aka 'unsigned char *') converts between pointers to integer types where one is of the unique plain 'char' type and the other is not [-Wpointer-sign]
  OLED_ShowString(0, 1, "T_M:", 8);
                        ^~~~~~
../../../../../Core/Src/../../User/Inc/oled.h(31): note: passing argument to parameter 'chr' here
void OLED_ShowString(uint8_t x, uint8_t y, uint8_t *chr, uint8_t Char_Size);
                                                    ^
../../../../../Core/Src/main.c(123): warning: passing 'char [5]' to parameter of type 'uint8_t *' (aka 'unsigned char *') converts between pointers to integer types where one is of the unique plain 'char' type and the other is not [-Wpointer-sign]
  OLED_ShowString(0, 2, "T_D:", 8);
                        ^~~~~~
../../../../../Core/Src/../../User/Inc/oled.h(31): note: passing argument to parameter 'chr' here
void OLED_ShowString(uint8_t x, uint8_t y, uint8_t *chr, uint8_t Char_Size);
                                                    ^
../../../../../Core/Src/main.c(124): warning: passing 'char [7]' to parameter of type 'uint8_t *' (aka 'unsigned char *') converts between pointers to integer types where one is of the unique plain 'char' type and the other is not [-Wpointer-sign]
  OLED_ShowString(0, 3, "Speed:", 8);
                        ^~~~~~~~
../../../../../Core/Src/../../User/Inc/oled.h(31): note: passing argument to parameter 'chr' here
void OLED_ShowString(uint8_t x, uint8_t y, uint8_t *chr, uint8_t Char_Size);
                                                    ^
../../../../../Core/Src/main.c(126): warning: passing 'char [5]' to parameter of type 'uint8_t *' (aka 'unsigned char *') converts between pointers to integer types where one is of the unique plain 'char' type and the other is not [-Wpointer-sign]
  OLED_ShowString(60, 0, "B_L:", 8);
                         ^~~~~~
../../../../../Core/Src/../../User/Inc/oled.h(31): note: passing argument to parameter 'chr' here
void OLED_ShowString(uint8_t x, uint8_t y, uint8_t *chr, uint8_t Char_Size);
                                                    ^
../../../../../Core/Src/main.c(127): warning: passing 'char [5]' to parameter of type 'uint8_t *' (aka 'unsigned char *') converts between pointers to integer types where one is of the unique plain 'char' type and the other is not [-Wpointer-sign]
  OLED_ShowString(60, 1, "B_M:", 8);
                         ^~~~~~
../../../../../Core/Src/../../User/Inc/oled.h(31): note: passing argument to parameter 'chr' here
void OLED_ShowString(uint8_t x, uint8_t y, uint8_t *chr, uint8_t Char_Size);
                                                    ^
../../../../../Core/Src/main.c(128): warning: passing 'char [5]' to parameter of type 'uint8_t *' (aka 'unsigned char *') converts between pointers to integer types where one is of the unique plain 'char' type and the other is not [-Wpointer-sign]
  OLED_ShowString(60, 2, "B_R:", 8);
                         ^~~~~~
../../../../../Core/Src/../../User/Inc/oled.h(31): note: passing argument to parameter 'chr' here
void OLED_ShowString(uint8_t x, uint8_t y, uint8_t *chr, uint8_t Char_Size);
                                                    ^
7 warnings generated.
compiling main.c...
linking...
Program Size: Code=9952 RO-data=2348 RW-data=40 ZI-data=2016  
FromELF: creating hex file...
"stm32f103c8t6_saber_ball\stm32f103c8t6_saber_ball.axf" - 0 Error(s), 7 Warning(s).

<h2>Software Packages used:</h2>

Package Vendor: ARM
                https://www.keil.com/pack/ARM.CMSIS.6.0.0.pack
                ARM.CMSIS.6.0.0
                CMSIS (Common Microcontroller Software Interface Standard)
   * Component: CORE Version: 6.0.0

Package Vendor: Keil
                http://www.keil.com/pack/Keil.STM32F1xx_DFP.2.3.0.pack
                Keil.STM32F1xx_DFP.2.3.0
                STMicroelectronics STM32F1 Series Device Support, Drivers and Examples

<h2>Collection of Component include folders:</h2>
  .\RTE\_stm32f103c8t6_saber_ball
  C:\Users\YellowWenJie\AppData\Local\Arm\Packs\ARM\CMSIS\6.0.0\CMSIS\Core\Include
  C:\Users\YellowWenJie\AppData\Local\Arm\Packs\Keil\STM32F1xx_DFP\2.3.0\Device\Include

<h2>Collection of Component Files used:</h2>

   * Component: ARM::CMSIS:CORE:6.0.0
      Include file:  CMSIS\Core\Include\tz_context.h
Build Time Elapsed:  00:00:02
</pre>
</body>
</html>
